HI-TECH Software C Compiler 

Linker command line:

--edf=C:\Program Files (x86)\HI-TECH Software\PICC\9.83\dat\en_msgs.txt -cs \
  -h+dist/default/production\SERIAL.X.production.sym -z -Q16F690 -ol.obj \
  -Mdist/default/production/SERIAL.X.production.map -E1 -ACONST=00h-0FFhx16 \
  -ACODE=00h-07FFhx2 -ASTRCODE=00h-0FFFh -AENTRY=00h-0FFhx16 \
  -ASTRING=00h-0FFhx16 -ABANK0=020h-06Fh -ABANK1=0A0h-0EFh \
  -ABANK2=0120h-016Fh -ARAM=020h-06Fh,0A0h-0EFh,0120h-016Fh \
  -AABS1=020h-07Fh,0A0h-0EFh,0120h-016Fh -ACOMMON=070h-07Fh -ASFR0=00h-01Fh \
  -ASFR1=080h-09Fh -ASFR2=0100h-011Fh -ASFR3=0180h-01EFh \
  -preset_vec=00h,intentry=04h,init,end_init -ppowerup=CODE -pfunctab=CODE \
  -ACONFIG=02007h-02007h -pconfig=CONFIG -DCONFIG=2 -AIDLOC=02000h-02003h \
  -pidloc=IDLOC -DIDLOC=2 -AEEDATA=00h-0FFh/02100h -peeprom_data=EEDATA \
  -DEEDATA=2 -DCODE=2 -DSTRCODE=2 -DSTRING=2 -DCONST=2 -DENTRY=2 -k \
  C:\Users\ALEXAN~1\AppData\Local\Temp\s1pj0.obj \
  dist/default/production\SERIAL.X.production.obj 

Object code version is 3.10

Machine type is 16F690



                Name                               Link     Load   Length Selector   Space Scale
C:\Users\ALEXAN~1\AppData\Local\Temp\s1pj0.obj
                end_init                             11       11        2        8       0
                reset_vec                             0        0        2        0       0
dist/default/production\SERIAL.X.production.obj
                intentry                              4        4        D        8       0
                config                             2007     2007        1     400E       0
                text104                              13       13       38        8       0
                text103                              7A       7A       17        8       0
                text102                              91       91        E        8       0
                maintext                             4B       4B       2F        8       0
                cstackCOMMON                         70       70        7       70       1
                dataCOMMON                           77       77        2       70       1
                bssCOMMON                            7A       7A        1       70       1
                bitbssCOMMON                        3C8       79        1       70       1     8
                cinit                                9F       9F        D        8       0
                idataCOMMON                          AC       AC        2        8       0

TOTAL           Name                               Link     Load   Length     Space
        CLASS   CONST          

        CLASS   CODE           
                end_init                             11       11        2         0
                intentry                              4        4        D         0
                reset_vec                             0        0        2         0
                text104                              13       13       38         0
                text103                              7A       7A       17         0
                text102                              91       91        E         0
                maintext                             4B       4B       2F         0
                cinit                                9F       9F        D         0
                idataCOMMON                          AC       AC        2         0

        CLASS   STRCODE        

        CLASS   ENTRY          

        CLASS   STRING         

        CLASS   BANK0          

        CLASS   BANK1          

        CLASS   BANK2          

        CLASS   RAM            

        CLASS   ABS1           
                abs_s1                               7E       7E        2         1

        CLASS   COMMON         
                cstackCOMMON                         70       70        7         1
                dataCOMMON                           77       77        2         1
                bssCOMMON                            7A       7A        1         1
                bitbssCOMMON                        3C8       79        1         1

        CLASS   SFR0           

        CLASS   SFR1           

        CLASS   SFR2           

        CLASS   SFR3           

        CLASS   CONFIG         
                config                             2007     2007        1         0

        CLASS   IDLOC          

        CLASS   EEDATA         

        CLASS   BANK3          



SEGMENTS        Name                           Load    Length   Top    Selector   Space  Class     Delta

                reset_vec                      000000  000002  000002         0       0  CODE        2
                intentry                       000004  0000AA  0000AE         8       0  CODE        2
                cstackCOMMON                   000070  00000B  00007B        70       1  COMMON      1
                config                         002007  000001  002008      400E       0  CONFIG      2


UNUSED ADDRESS RANGES

        Name                Unused          Largest block    Delta
        BANK0            0020-006F             50           1
        BANK1            00A0-00EF             50           1
        BANK2            0120-016F             50           1
        CODE             0002-0003              2           2
                         00AE-0FFF            752
        COMMON           007B-007D              3           1
        CONST            0002-0003              2           2
                         00AE-0FFF            100
        EEDATA           2100-21FF            100           2
        ENTRY            0002-0003              2           2
                         00AE-0FFF            100
        IDLOC            2000-2003              4           2
        RAM              0020-006F             50           1
                         00A0-00EF             50
                         0120-016F             50
        SFR0             0000-001F             20           1
        SFR1             0080-009F             20           1
        SFR2             0100-011F             20           1
        SFR3             0180-01EF             70           1
        STRCODE          0002-0003              2           2
                         00AE-0FFF            F52
        STRING           0002-0003              2           2
                         00AE-0FFF            100

                                  Symbol Table

??_init_serial        cstackCOMMON 0076
??_main               cstackCOMMON 0077
??_tx_serial          cstackCOMMON 0076
??_xandi              cstackCOMMON 0070
?_init_serial         cstackCOMMON 0070
?_main                cstackCOMMON 0070
?_tx_serial           cstackCOMMON 0070
?_xandi               cstackCOMMON 0070
_ANSEL                (abs)        011E
_ANSELH               (abs)        011F
_BRG16                (abs)        04DB
_BRGH                 (abs)        04C2
_CARRY                (abs)        0018
_CREN                 (abs)        00C4
_DADO_RX              dataCOMMON   0077
_EEADR                (abs)        010D
_EECON1               (abs)        018C
_EECON2               (abs)        018D
_EEDATA               (abs)        010C
_FERR                 (abs)        00C2
_GIE                  (abs)        005F
_INTCON               (abs)        000B
_INTE                 (abs)        005C
_INTF                 (abs)        0059
_OPTION_REG           (abs)        0081
_OSCCON               (abs)        008F
_PEIE                 (abs)        005E
_RCIE                 (abs)        0465
_RCIF                 (abs)        0065
_RCREG                (abs)        001A
_RD                   (abs)        0C60
_RX9                  (abs)        00C6
_SPBRG                (abs)        0099
_SPBRGH               (abs)        009A
_SPEN                 (abs)        00C7
_SYNC                 (abs)        04C4
_TRISA                (abs)        0085
_TRISA2               (abs)        042A
_TRISB                (abs)        0086
_TRISC                (abs)        0087
_TRMT                 (abs)        04C1
_TX9                  (abs)        04C6
_TX9D                 (abs)        04C0
_TXEN                 (abs)        04C5
_TXREG                (abs)        0019
_WR                   (abs)        0C61
_WREN                 (abs)        0C62
__Habs1               abs1         0000
__Hbank0              bank0        0000
__Hbank1              bank1        0000
__Hbank2              bank2        0000
__Hbank3              bank3        0000
__HbitbssCOMMON       bitbssCOMMON 0000
__HbssCOMMON          bssCOMMON    0000
__Hcinit              cinit        0000
__Hclrtext            clrtext      0000
__Hcode               code         0000
__Hcommon             common       0000
__Hconfig             config       2008
__HcstackCOMMON       cstackCOMMON 0000
__HdataCOMMON         dataCOMMON   0000
__Heeprom_data        eeprom_data  0000
__Hend_init           end_init     0013
__Hfunctab            functab      0000
__HidataCOMMON        idataCOMMON  0000
__Hidloc              idloc        0000
__Hinit               init         0011
__Hintentry           intentry     0011
__Hmaintext           maintext     0000
__Hpowerup            powerup      0000
__Hram                ram          0000
__Hreset_vec          reset_vec    0002
__Hsfr0               sfr0         0000
__Hsfr1               sfr1         0000
__Hsfr2               sfr2         0000
__Hsfr3               sfr3         0000
__Hstrings            strings      0000
__Htext               text         0000
__Labs1               abs1         0000
__Lbank0              bank0        0000
__Lbank1              bank1        0000
__Lbank2              bank2        0000
__Lbank3              bank3        0000
__LbitbssCOMMON       bitbssCOMMON 0000
__LbssCOMMON          bssCOMMON    0000
__Lcinit              cinit        0000
__Lclrtext            clrtext      0000
__Lcode               code         0000
__Lcommon             common       0000
__Lconfig             config       2007
__LcstackCOMMON       cstackCOMMON 0000
__LdataCOMMON         dataCOMMON   0000
__Leeprom_data        eeprom_data  0000
__Lend_init           end_init     0011
__Lfunctab            functab      0000
__LidataCOMMON        idataCOMMON  0000
__Lidloc              idloc        0000
__Linit               init         0011
__Lintentry           intentry     0004
__Lmaintext           maintext     0000
__Lpowerup            powerup      0000
__Lram                ram          0000
__Lreset_vec          reset_vec    0000
__Lsfr0               sfr0         0000
__Lsfr1               sfr1         0000
__Lsfr2               sfr2         0000
__Lsfr3               sfr3         0000
__Lstrings            strings      0000
__Ltext               text         0000
__S0                  (abs)        2008
__S1                  (abs)        007B
__S2                  (abs)        0000
__end_of_init_serial  text103      0091
__end_of_main         maintext     007A
__end_of_tx_serial    text102      009F
__end_of_xandi        text104      004B
__pbitbssCOMMON       bitbssCOMMON 03C8
__pbssCOMMON          bssCOMMON    007A
__pcstackCOMMON       cstackCOMMON 0070
__pdataCOMMON         dataCOMMON   0077
__pidataCOMMON        idataCOMMON  00AC
__pintentry           intentry     0004
__pmaintext           maintext     004B
__ptext102            text102      0091
__ptext103            text103      007A
__ptext104            text104      0013
__ptext105            text105      0000
__size_of_init_serial (abs)        0000
__size_of_main        (abs)        0000
__size_of_tx_serial   (abs)        0000
__size_of_xandi       (abs)        0000
_carro                bssCOMMON    007A
_exit                 init         0011
_init_serial          text103      007A
_lixo                 dataCOMMON   0078
_main                 maintext     004B
_oi                   bitbssCOMMON 03C8
_tx_serial            text102      0091
_xandi                text104      0013
btemp                 (abs)        007E
end_of_initialization cinit        00A9
interrupt_function    intentry     0004
intlevel0             functab      0000
intlevel1             functab      0000
intlevel2             functab      0000
intlevel3             functab      0000
intlevel4             functab      0000
intlevel5             functab      0000
reset_vec             reset_vec    0000
saved_w               (abs)        007E
start                 init         0011
start_initialization  cinit        009F
tx_serial@dado        cstackCOMMON 0076
wtemp0                (abs)        007E
