Microchip MPLAB XC8 Compiler V1.20 ()

Linker command line:

--edf=C:\Program Files (x86)\Microchip\xc8\v1.20\dat\en_msgs.txt -cs \
  -h+dist/default/production\EEPROM.X.production.sym \
  --cmf=dist/default/production\EEPROM.X.production.cmf -z -Q16F886 \
  -oC:\Users\ALEXAN~1\AppData\Local\Temp\sibo.6 \
  -Mdist/default/production/EEPROM.X.production.map -E1 -ver=XC8 \
  -ACONST=00h-0FFhx32 -ACODE=00h-07FFhx4 -ASTRCODE=00h-01FFFh \
  -AENTRY=00h-0FFhx32 -ASTRING=00h-0FFhx32 -ACOMMON=070h-07Fh \
  -ABANK0=020h-06Fh -ABANK1=0A0h-0EFh -ABANK2=0110h-016Fh \
  -ABANK3=0190h-01EFh -ARAM=020h-06Fh,0A0h-0EFh,0110h-016Fh,0190h-01EFh \
  -AABS1=020h-07Fh,0A0h-0EFh,0110h-016Fh,0190h-01EFh -ASFR0=00h-01Fh \
  -ASFR1=080h-09Fh -ASFR2=0100h-010Fh -ASFR3=0180h-018Fh \
  -preset_vec=00h,intentry=04h,init,end_init -ppowerup=CODE -pfunctab=CODE \
  -ACONFIG=02007h-02008h -pconfig=CONFIG -DCONFIG=2 -AIDLOC=02000h-02003h \
  -pidloc=IDLOC -DIDLOC=2 -AEEDATA=00h-0FFh/02100h -peeprom_data=EEDATA \
  -DEEDATA=2 -DCODE=2 -DSTRCODE=2 -DSTRING=2 -DCONST=2 -DENTRY=2 -k \
  C:\Users\ALEXAN~1\AppData\Local\Temp\sibo.obj \
  dist/default/production\EEPROM.X.production.obj 

Object code version is 3.11

Machine type is 16F886



                Name                               Link     Load   Length Selector   Space Scale
C:\Users\ALEXAN~1\AppData\Local\Temp\sibo.obj
                end_init                             12       12        3        8       0
                reset_vec                             0        0        3        0       0
                config                             2007     2007        2     400E       0
dist/default/production\EEPROM.X.production.obj
                intentry                              4        4        E        8       0
                text14                              610      610       61      B4A       0
                text13                              7AB      7AB       1D      B4A       0
                text12                              758      758       2C      B4A       0
                text11                              7C8      7C8       19      B4A       0
                text10                              7F4      7F4        A      B4A       0
                text9                               784      784       27      B4A       0
                text8                               4DD      4DD        8        8       0
                text7                               6B4      6B4       40      B4A       0
                text6                               6F4      6F4       36      B4A       0
                text5                               3FC      3FC       D0        8       0
                text4                               20F      20F      1ED        8       0
                text3                               671      671       43      B4A       0
                text2                                15       15      1FA        8       0
                text1                               5A5      5A5       6B      B4A       0
                maintext                            72A      72A       2E      B4A       0
                cstackBANK0                          20       20       21       20       1
                cstackCOMMON                         70       70        7       70       1
                inittext                            4CC      4CC       11        8       0
                dataBANK0                            41       41        7       20       1
                bssBANK0                             48       48        2       20       1
                bitbssCOMMON                        3B8       77        2       70       1     8
                cinit                               7E1      7E1       13      B4A       0
                strings                             500      500       A5      A00       0
                idataBANK0                          4E5      4E5        7        8       0

TOTAL           Name                               Link     Load   Length     Space
        CLASS   CONST          

        CLASS   CODE           
                end_init                             12       12        3         0
                intentry                              4        4        E         0
                reset_vec                             0        0        3         0
                text14                              610      610       61         0
                text13                              7AB      7AB       1D         0
                text12                              758      758       2C         0
                text11                              7C8      7C8       19         0
                text10                              7F4      7F4        A         0
                text9                               784      784       27         0
                text8                               4DD      4DD        8         0
                text7                               6B4      6B4       40         0
                text6                               6F4      6F4       36         0
                text5                               3FC      3FC       D0         0
                text4                               20F      20F      1ED         0
                text3                               671      671       43         0
                text2                                15       15      1FA         0
                text1                               5A5      5A5       6B         0
                maintext                            72A      72A       2E         0
                inittext                            4CC      4CC       11         0
                cinit                               7E1      7E1       13         0
                idataBANK0                          4E5      4E5        7         0

        CLASS   STRCODE        

        CLASS   ENTRY          

        CLASS   STRING         
                strings                             500      500       A5         0

        CLASS   COMMON         
                cstackCOMMON                         70       70        7         1
                bitbssCOMMON                        3B8       77        2         1

        CLASS   BANK0          
                cstackBANK0                          20       20       21         1
                dataBANK0                            41       41        7         1
                bssBANK0                             48       48        2         1

        CLASS   BANK1          

        CLASS   BANK2          

        CLASS   BANK3          

        CLASS   RAM            

        CLASS   ABS1           
                abs_s1                               7E       7E        2         1

        CLASS   SFR0           

        CLASS   SFR1           

        CLASS   SFR2           

        CLASS   SFR3           

        CLASS   CONFIG         
                config                             2007     2007        2         0

        CLASS   IDLOC          

        CLASS   EEDATA         



SEGMENTS        Name                           Load    Length   Top    Selector   Space  Class     Delta

                reset_vec                      000000  000003  000003         0       0  CODE        2
                intentry                       000004  0004E8  0004EC         8       0  CODE        2
                cstackBANK0                    000020  00002A  00004A        20       1  BANK0       1
                cstackCOMMON                   000070  000008  000078        70       1  COMMON      1
                strings                        000500  0000A5  0005A5       A00       0  STRING      2
                text1                          0005A5  000259  0007FE       B4A       0  CODE        2
                config                         002007  000002  002009      400E       0  CONFIG      2


UNUSED ADDRESS RANGES

        Name                Unused          Largest block    Delta
        BANK0            004A-006F             26           1
        BANK1            00A0-00EF             50           1
        BANK2            0110-016F             60           1
        BANK3            0190-01EF             60           1
        CODE             0003-0003              1           2
                         04EC-04FF             14
                         07FE-1FFF            800
        COMMON           0078-007D              6           1
        CONST            0003-0003              1           2
                         04EC-04FF             14
                         07FE-1FFF            100
        EEDATA           2100-21FF            100           2
        ENTRY            0003-0003              1           2
                         04EC-04FF             14
                         07FE-1FFF            100
        IDLOC            2000-2003              4           2
        RAM              004A-006F             26           1
                         00A0-00EF             50
                         0110-016F             60
                         0190-01EF             60
        SFR0             0000-001F             20           1
        SFR1             0080-009F             20           1
        SFR2             0100-010F             10           1
        SFR3             0180-018F             10           1
        STRCODE          0003-0003              1           2
                         04EC-04FF             14
                         07FE-1FFF           1802
        STRING           0003-0003              1           2
                         04EC-04FF             14
                         07FE-1FFF            100

                                  Symbol Table

?___lwdiv                 cstackBANK0  0020
?___lwmod                 cstackBANK0  0027
?_printf                  cstackBANK0  002D
?_write_ee                cstackCOMMON 0076
_ANSEL                    (abs)        0188
_ANSELH                   (abs)        0189
_EEADR                    (abs)        010D
_EECON1                   (abs)        018C
_EECON2                   (abs)        018D
_EEDAT                    (abs)        010C
_EEIE                     (abs)        046C
_EEIF                     (abs)        006C
_GIE                      (abs)        005F
_INTCON                   (abs)        000B
_INTE                     (abs)        005C
_INTF                     (abs)        0059
_IOCB                     (abs)        0096
_OPTION_REG               (abs)        0081
_PORTA                    (abs)        0005
_RA4                      (abs)        002C
_RA5                      (abs)        002D
_RB1                      (abs)        0031
_RB2                      (abs)        0032
_RB5                      (abs)        0035
_RB6                      (abs)        0036
_RB7                      (abs)        0037
_RBIE                     (abs)        005B
_RBIF                     (abs)        0058
_RC4                      (abs)        003C
_RC5                      (abs)        003D
_RC6                      (abs)        003E
_RC7                      (abs)        003F
_RD                       (abs)        0C60
_TRISA                    (abs)        0085
_TRISB                    (abs)        0086
_TRISC                    (abs)        0087
_WR                       (abs)        0C61
_WREN                     (abs)        0C62
__CFG_BOR4V$BOR40V        (abs)        0000
__CFG_BOREN$OFF           (abs)        0000
__CFG_CP$OFF              (abs)        0000
__CFG_CPD$OFF             (abs)        0000
__CFG_FCMEN$OFF           (abs)        0000
__CFG_FOSC$INTRC_NOCLKOUT (abs)        0000
__CFG_IESO$OFF            (abs)        0000
__CFG_LVP$OFF             (abs)        0000
__CFG_MCLRE$ON            (abs)        0000
__CFG_PWRTE$ON            (abs)        0000
__CFG_WDTE$OFF            (abs)        0000
__CFG_WRT$OFF             (abs)        0000
__Habs1                   abs1         0000
__Hbank0                  bank0        0000
__Hbank1                  bank1        0000
__Hbank2                  bank2        0000
__Hbank3                  bank3        0000
__HbitbssCOMMON           bitbssCOMMON 0000
__HbssBANK0               bssBANK0     0000
__Hcinit                  cinit        0000
__Hclrtext                clrtext      0000
__Hcode                   code         0000
__Hcommon                 common       0000
__Hconfig                 config       2009
__HcstackBANK0            cstackBANK0  0000
__HcstackCOMMON           cstackCOMMON 0000
__HdataBANK0              dataBANK0    0000
__Heeprom_data            eeprom_data  0000
__Hend_init               end_init     0015
__Hfunctab                functab      0000
__HidataBANK0             idataBANK0   0000
__Hidloc                  idloc        0000
__Hinit                   init         0012
__Hinittext               inittext     0000
__Hintentry               intentry     0012
__Hmaintext               maintext     0000
__Hpowerup                powerup      0000
__Hram                    ram          0000
__Hreset_vec              reset_vec    0003
__Hsfr0                   sfr0         0000
__Hsfr1                   sfr1         0000
__Hsfr2                   sfr2         0000
__Hsfr3                   sfr3         0000
__Hstrings                strings      0000
__Htext                   text         0000
__Labs1                   abs1         0000
__Lbank0                  bank0        0000
__Lbank1                  bank1        0000
__Lbank2                  bank2        0000
__Lbank3                  bank3        0000
__LbitbssCOMMON           bitbssCOMMON 0000
__LbssBANK0               bssBANK0     0000
__Lcinit                  cinit        0000
__Lclrtext                clrtext      0000
__Lcode                   code         0000
__Lcommon                 common       0000
__Lconfig                 config       2007
__LcstackBANK0            cstackBANK0  0000
__LcstackCOMMON           cstackCOMMON 0000
__LdataBANK0              dataBANK0    0000
__Leeprom_data            eeprom_data  0000
__Lend_init               end_init     0012
__Lfunctab                functab      0000
__LidataBANK0             idataBANK0   0000
__Lidloc                  idloc        0000
__Linit                   init         0012
__Linittext               inittext     0000
__Lintentry               intentry     0004
__Lmaintext               maintext     0000
__Lpowerup                powerup      0000
__Lram                    ram          0000
__Lreset_vec              reset_vec    0000
__Lsfr0                   sfr0         0000
__Lsfr1                   sfr1         0000
__Lsfr2                   sfr2         0000
__Lsfr3                   sfr3         0000
__Lstrings                strings      0000
__Ltext                   text         0000
__S0                      (abs)        2009
__S1                      (abs)        0078
__S3                      (abs)        0000
___latbits                (abs)        0002
___lwdiv                  text7        06B4
___lwdiv@counter          cstackBANK0  0026
___lwdiv@dividend         cstackBANK0  0022
___lwdiv@divisor          cstackBANK0  0020
___lwdiv@quotient         cstackBANK0  0024
___lwmod                  text6        06F4
___lwmod@counter          cstackBANK0  002C
___lwmod@dividend         cstackBANK0  0029
___lwmod@divisor          cstackBANK0  0027
__end_of___lwdiv          text7        06F4
__end_of___lwmod          text6        072A
__end_of__initialization  cinit        07F0
__end_of__stringdata      strings      05A5
__end_of__stringtab       strings      0506
__end_of_dpowers          strings      0510
__end_of_entrada_senhas   text4        03FC
__end_of_lcd_clear        text11       07E1
__end_of_lcd_goto         text10       07FE
__end_of_lcd_init         text1        0610
__end_of_lcd_putc         text9        07AB
__end_of_lcd_write        text12       0784
__end_of_main             maintext     0758
__end_of_printf           text5        04CC
__end_of_putch            text8        04E5
__end_of_senhas           text2        020F
__end_of_timer            text3        06B4
__end_of_write_ee         text13       07C8
__end_of_xandi_lima       text14       0671
__initialization          cinit        07E1
__pbitbssCOMMON           bitbssCOMMON 03B8
__pbssBANK0               bssBANK0     0048
__pcstackBANK0            cstackBANK0  0020
__pcstackCOMMON           cstackCOMMON 0070
__pdataBANK0              dataBANK0    0041
__pidataBANK0             idataBANK0   04E5
__pintentry               intentry     0004
__pmaintext               maintext     072A
__pstrings                strings      0500
__ptext1                  text1        05A5
__ptext10                 text10       07F4
__ptext11                 text11       07C8
__ptext12                 text12       0758
__ptext13                 text13       07AB
__ptext14                 text14       0610
__ptext2                  text2        0015
__ptext3                  text3        0671
__ptext4                  text4        020F
__ptext5                  text5        03FC
__ptext6                  text6        06F4
__ptext7                  text7        06B4
__ptext8                  text8        04DD
__ptext9                  text9        0784
__size_of___lwdiv         (abs)        0000
__size_of___lwmod         (abs)        0000
__size_of_entrada_senhas  (abs)        0000
__size_of_lcd_clear       (abs)        0000
__size_of_lcd_goto        (abs)        0000
__size_of_lcd_init        (abs)        0000
__size_of_lcd_putc        (abs)        0000
__size_of_lcd_write       (abs)        0000
__size_of_main            (abs)        0000
__size_of_printf          (abs)        0000
__size_of_putch           (abs)        0000
__size_of_senhas          (abs)        0000
__size_of_timer           (abs)        0000
__size_of_write_ee        (abs)        0000
__size_of_xandi_lima      (abs)        0000
__stringbase              strings      0505
__stringdata              strings      0510
__stringtab               strings      0500
_buffer                   dataBANK0    0041
_dpowers                  strings      0506
_entrada_senhas           text4        020F
_foi                      bitbssCOMMON 03B8
_lcd_clear                text11       07C8
_lcd_goto                 text10       07F4
_lcd_init                 text1        05A5
_lcd_putc                 text9        0784
_lcd_write                text12       0758
_main                     maintext     072A
_ok                       bitbssCOMMON 03B9
_printf                   text5        03FC
_putch                    text8        04DD
_senha_1                  dataBANK0    0042
_senha_2                  dataBANK0    0043
_senha_3                  dataBANK0    0044
_senhar_1                 dataBANK0    0045
_senhar_2                 dataBANK0    0046
_senhar_3                 dataBANK0    0047
_senhas                   text2        0015
_tempo                    bssBANK0     0048
_tentativas               bssBANK0     0049
_timer                    text3        0671
_write_ee                 text13       07AB
_xandi_lima               text14       0610
btemp                     (abs)        007E
end_of_initialization     cinit        07F0
init_fetch0               inittext     04CC
init_ram0                 inittext     04D0
interrupt_function        intentry     0004
intlevel0                 functab      0000
intlevel1                 functab      0000
intlevel2                 functab      0000
intlevel3                 functab      0000
intlevel4                 functab      0000
intlevel5                 functab      0000
lcd_goto@pos              cstackBANK0  0022
lcd_init@init_value       cstackBANK0  0026
lcd_putc@c                cstackBANK0  0024
lcd_write@c               cstackCOMMON 0076
printf@_val               cstackBANK0  0036
printf@ap                 cstackBANK0  0032
printf@c                  cstackBANK0  003A
printf@f                  cstackBANK0  0034
printf@flag               cstackBANK0  0033
printf@prec               cstackBANK0  0035
putch@c                   cstackBANK0  0025
reset_vec                 reset_vec    0000
saved_w                   (abs)        007E
start                     init         0012
start_initialization      cinit        07E1
write_ee@adr              cstackBANK0  0020
write_ee@dado             cstackCOMMON 0076
wtemp0                    (abs)        007E


FUNCTION INFORMATION:

 *************** function _main *****************
 Defined at:
		line 325 in file "../EEPROM.c"
 Parameters:    Size  Location     Type
		None
 Auto vars:     Size  Location     Type
		None
 Return value:  Size  Location     Type
		None               void
 Registers used:
		wreg, fsr0l, fsr0h, fsr1l, fsr1h, fsr1l, fsr1h, status,2, status,0, btemp+1, pclath, cstack
 Tracked objects:
		On entry : 
		On exit  : 
		Unchanged: 
 Data sizes:     COMMON   BANK0   BANK1   BANK3   BANK2
      Params:         0       0       0       0       0
      Locals:         0       0       0       0       0
      Temps:          0       0       0       0       0
      Totals:         0       0       0       0       0
Total ram usage:        0 bytes
 Hardware stack levels required when called:    8
 This function calls:
		_entrada_senhas
		_senhas
		_lcd_init
 This function is called by:
		Startup code after reset
 This function uses a non-reentrant model


 *************** function _lcd_init *****************
 Defined at:
		line 110 in file "../LCD_ModSauer.c"
 Parameters:    Size  Location     Type
		None
 Auto vars:     Size  Location     Type
  init_value      1    6[BANK0 ] unsigned char 
 Return value:  Size  Location     Type
		None               void
 Registers used:
		wreg, status,2, status,0, pclath, cstack
 Tracked objects:
		On entry : 
		On exit  : 
		Unchanged: 
 Data sizes:     COMMON   BANK0   BANK1   BANK3   BANK2
      Params:         0       0       0       0       0
      Locals:         0       1       0       0       0
      Temps:          0       2       0       0       0
      Totals:         0       3       0       0       0
Total ram usage:        3 bytes
 Hardware stack levels used:    1
 Hardware stack levels required when called:    3
 This function calls:
		_lcd_clear
		_lcd_write
 This function is called by:
		_main
 This function uses a non-reentrant model


 *************** function _senhas *****************
 Defined at:
		line 150 in file "../EEPROM.c"
 Parameters:    Size  Location     Type
		None
 Auto vars:     Size  Location     Type
		None
 Return value:  Size  Location     Type
		None               void
 Registers used:
		wreg, fsr0l, fsr0h, fsr1l, fsr1h, fsr1l, fsr1h, status,2, status,0, btemp+1, pclath, cstack
 Tracked objects:
		On entry : 
		On exit  : 
		Unchanged: 
 Data sizes:     COMMON   BANK0   BANK1   BANK3   BANK2
      Params:         0       0       0       0       0
      Locals:         0       0       0       0       0
      Temps:          0       3       0       0       0
      Totals:         0       3       0       0       0
Total ram usage:        3 bytes
 Hardware stack levels used:    1
 Hardware stack levels required when called:    7
 This function calls:
		_entrada_senhas
		_lcd_clear
		_printf
		_lcd_write
		_timer
 This function is called by:
		_main
 This function uses a non-reentrant model


 *************** function _timer *****************
 Defined at:
		line 137 in file "../EEPROM.c"
 Parameters:    Size  Location     Type
		None
 Auto vars:     Size  Location     Type
		None
 Return value:  Size  Location     Type
		None               void
 Registers used:
		wreg, fsr0l, fsr0h, status,2, status,0, btemp+1, pclath, cstack
 Tracked objects:
		On entry : 
		On exit  : 
		Unchanged: 
 Data sizes:     COMMON   BANK0   BANK1   BANK3   BANK2
      Params:         0       0       0       0       0
      Locals:         0       0       0       0       0
      Temps:          0       3       0       0       0
      Totals:         0       3       0       0       0
Total ram usage:        3 bytes
 Hardware stack levels used:    1
 Hardware stack levels required when called:    6
 This function calls:
		_lcd_clear
		_printf
 This function is called by:
		_senhas
 This function uses a non-reentrant model


 *************** function _entrada_senhas *****************
 Defined at:
		line 55 in file "../EEPROM.c"
 Parameters:    Size  Location     Type
		None
 Auto vars:     Size  Location     Type
		None
 Return value:  Size  Location     Type
		None               void
 Registers used:
		wreg, fsr0l, fsr0h, fsr1l, fsr1h, fsr1l, fsr1h, status,2, status,0, btemp+1, pclath, cstack
 Tracked objects:
		On entry : 
		On exit  : 
		Unchanged: 
 Data sizes:     COMMON   BANK0   BANK1   BANK3   BANK2
      Params:         0       0       0       0       0
      Locals:         0       0       0       0       0
      Temps:          0       3       0       0       0
      Totals:         0       3       0       0       0
Total ram usage:        3 bytes
 Hardware stack levels used:    1
 Hardware stack levels required when called:    6
 This function calls:
		_write_ee
		_lcd_clear
		_printf
		_lcd_write
 This function is called by:
		_senhas
		_main
 This function uses a non-reentrant model


 *************** function _printf *****************
 Defined at:
		line 465 in file "C:\Program Files (x86)\Microchip\xc8\v1.20\sources\common\doprnt.c"
 Parameters:    Size  Location     Type
  f               1    wreg     PTR const unsigned char 
		 -> STR_20(15), STR_19(12), STR_18(16), STR_17(3), 
		 -> STR_16(3), STR_15(3), STR_14(23), STR_13(11), 
		 -> STR_12(3), STR_11(3), STR_10(3), STR_9(23), 
		 -> STR_8(3), STR_7(3), STR_6(3), STR_5(23), 
		 -> STR_4(3), STR_3(3), STR_2(3), STR_1(23), 
 Auto vars:     Size  Location     Type
  f               1   20[BANK0 ] PTR const unsigned char 
		 -> STR_20(15), STR_19(12), STR_18(16), STR_17(3), 
		 -> STR_16(3), STR_15(3), STR_14(23), STR_13(11), 
		 -> STR_12(3), STR_11(3), STR_10(3), STR_9(23), 
		 -> STR_8(3), STR_7(3), STR_6(3), STR_5(23), 
		 -> STR_4(3), STR_3(3), STR_2(3), STR_1(23), 
  _val            4   22[BANK0 ] struct .
  c               1   26[BANK0 ] char 
  prec            1   21[BANK0 ] char 
  flag            1   19[BANK0 ] unsigned char 
  ap              1   18[BANK0 ] PTR void [1]
		 -> ?_printf(2), 
 Return value:  Size  Location     Type
                  2   13[BANK0 ] int 
 Registers used:
		wreg, fsr0l, fsr0h, status,2, status,0, btemp+1, pclath, cstack
 Tracked objects:
		On entry : 
		On exit  : 
		Unchanged: 
 Data sizes:     COMMON   BANK0   BANK1   BANK3   BANK2
      Params:         0       2       0       0       0
      Locals:         0       9       0       0       0
      Temps:          0       3       0       0       0
      Totals:         0      14       0       0       0
Total ram usage:       14 bytes
 Hardware stack levels used:    1
 Hardware stack levels required when called:    5
 This function calls:
		_putch
		___lwdiv
		___lwmod
 This function is called by:
		_entrada_senhas
		_timer
		_senhas
 This function uses a non-reentrant model


 *************** function ___lwmod *****************
 Defined at:
		line 5 in file "C:\Program Files (x86)\Microchip\xc8\v1.20\sources\pic\lwmod.c"
 Parameters:    Size  Location     Type
  divisor         2    7[BANK0 ] unsigned int 
  dividend        2    9[BANK0 ] unsigned int 
 Auto vars:     Size  Location     Type
  counter         1   12[BANK0 ] unsigned char 
 Return value:  Size  Location     Type
                  2    7[BANK0 ] unsigned int 
 Registers used:
		wreg, status,2, status,0
 Tracked objects:
		On entry : 
		On exit  : 
		Unchanged: 
 Data sizes:     COMMON   BANK0   BANK1   BANK3   BANK2
      Params:         0       4       0       0       0
      Locals:         0       1       0       0       0
      Temps:          0       1       0       0       0
      Totals:         0       6       0       0       0
Total ram usage:        6 bytes
 Hardware stack levels used:    1
 Hardware stack levels required when called:    1
 This function calls:
		Nothing
 This function is called by:
		_printf
 This function uses a non-reentrant model


 *************** function ___lwdiv *****************
 Defined at:
		line 5 in file "C:\Program Files (x86)\Microchip\xc8\v1.20\sources\pic\lwdiv.c"
 Parameters:    Size  Location     Type
  divisor         2    0[BANK0 ] unsigned int 
  dividend        2    2[BANK0 ] unsigned int 
 Auto vars:     Size  Location     Type
  quotient        2    4[BANK0 ] unsigned int 
  counter         1    6[BANK0 ] unsigned char 
 Return value:  Size  Location     Type
                  2    0[BANK0 ] unsigned int 
 Registers used:
		wreg, status,2, status,0
 Tracked objects:
		On entry : 
		On exit  : 
		Unchanged: 
 Data sizes:     COMMON   BANK0   BANK1   BANK3   BANK2
      Params:         0       4       0       0       0
      Locals:         0       3       0       0       0
      Temps:          1       0       0       0       0
      Totals:         1       7       0       0       0
Total ram usage:        8 bytes
 Hardware stack levels used:    1
 Hardware stack levels required when called:    1
 This function calls:
		Nothing
 This function is called by:
		_printf
 This function uses a non-reentrant model


 *************** function _putch *****************
 Defined at:
		line 144 in file "../LCD_ModSauer.c"
 Parameters:    Size  Location     Type
  c               1    wreg     unsigned char 
 Auto vars:     Size  Location     Type
  c               1    5[BANK0 ] unsigned char 
 Return value:  Size  Location     Type
		None               void
 Registers used:
		wreg, fsr0l, fsr0h, status,2, status,0, pclath, cstack
 Tracked objects:
		On entry : 
		On exit  : 
		Unchanged: 
 Data sizes:     COMMON   BANK0   BANK1   BANK3   BANK2
      Params:         0       0       0       0       0
      Locals:         0       1       0       0       0
      Temps:          0       0       0       0       0
      Totals:         0       1       0       0       0
Total ram usage:        1 bytes
 Hardware stack levels used:    1
 Hardware stack levels required when called:    4
 This function calls:
		_lcd_putc
 This function is called by:
		_printf
 This function uses a non-reentrant model


 *************** function _lcd_putc *****************
 Defined at:
		line 82 in file "../LCD_ModSauer.c"
 Parameters:    Size  Location     Type
  c               1    wreg     unsigned char 
 Auto vars:     Size  Location     Type
  c               1    4[BANK0 ] unsigned char 
 Return value:  Size  Location     Type
		None               void
 Registers used:
		wreg, fsr0l, fsr0h, status,2, status,0, pclath, cstack
 Tracked objects:
		On entry : 
		On exit  : 
		Unchanged: 
 Data sizes:     COMMON   BANK0   BANK1   BANK3   BANK2
      Params:         0       0       0       0       0
      Locals:         0       1       0       0       0
      Temps:          0       0       0       0       0
      Totals:         0       1       0       0       0
Total ram usage:        1 bytes
 Hardware stack levels used:    1
 Hardware stack levels required when called:    3
 This function calls:
		_lcd_clear
		_lcd_write
		_lcd_goto
 This function is called by:
		_putch
 This function uses a non-reentrant model


 *************** function _lcd_goto *****************
 Defined at:
		line 55 in file "../LCD_ModSauer.c"
 Parameters:    Size  Location     Type
  pos             1    wreg     unsigned char 
 Auto vars:     Size  Location     Type
  pos             1    2[BANK0 ] unsigned char 
 Return value:  Size  Location     Type
		None               void
 Registers used:
		wreg, status,2, status,0, pclath, cstack
 Tracked objects:
		On entry : 
		On exit  : 
		Unchanged: 
 Data sizes:     COMMON   BANK0   BANK1   BANK3   BANK2
      Params:         0       0       0       0       0
      Locals:         0       1       0       0       0
      Temps:          0       0       0       0       0
      Totals:         0       1       0       0       0
Total ram usage:        1 bytes
 Hardware stack levels used:    1
 Hardware stack levels required when called:    2
 This function calls:
		_lcd_write
 This function is called by:
		_lcd_putc
 This function uses a non-reentrant model


 *************** function _lcd_clear *****************
 Defined at:
		line 62 in file "../LCD_ModSauer.c"
 Parameters:    Size  Location     Type
		None
 Auto vars:     Size  Location     Type
		None
 Return value:  Size  Location     Type
		None               void
 Registers used:
		wreg, status,2, status,0, pclath, cstack
 Tracked objects:
		On entry : 
		On exit  : 
		Unchanged: 
 Data sizes:     COMMON   BANK0   BANK1   BANK3   BANK2
      Params:         0       0       0       0       0
      Locals:         0       0       0       0       0
      Temps:          0       2       0       0       0
      Totals:         0       2       0       0       0
Total ram usage:        2 bytes
 Hardware stack levels used:    1
 Hardware stack levels required when called:    2
 This function calls:
		_lcd_write
 This function is called by:
		_entrada_senhas
		_timer
		_senhas
		_lcd_putc
		_lcd_init
 This function uses a non-reentrant model


 *************** function _lcd_write *****************
 Defined at:
		line 38 in file "../LCD_ModSauer.c"
 Parameters:    Size  Location     Type
  c               1    wreg     unsigned char 
 Auto vars:     Size  Location     Type
  c               1    6[COMMON] unsigned char 
 Return value:  Size  Location     Type
		None               void
 Registers used:
		wreg, status,2, status,0
 Tracked objects:
		On entry : 
		On exit  : 
		Unchanged: 
 Data sizes:     COMMON   BANK0   BANK1   BANK3   BANK2
      Params:         0       0       0       0       0
      Locals:         1       0       0       0       0
      Temps:          0       2       0       0       0
      Totals:         1       2       0       0       0
Total ram usage:        3 bytes
 Hardware stack levels used:    1
 Hardware stack levels required when called:    1
 This function calls:
		Nothing
 This function is called by:
		_entrada_senhas
		_senhas
		_lcd_goto
		_lcd_clear
		_lcd_putc
		_lcd_init
		_lcd_puts
 This function uses a non-reentrant model


 *************** function _write_ee *****************
 Defined at:
		line 42 in file "../EEPROM.c"
 Parameters:    Size  Location     Type
  adr             1    wreg     unsigned char 
  dado            1    6[COMMON] unsigned char 
 Auto vars:     Size  Location     Type
  adr             1    0[BANK0 ] unsigned char 
 Return value:  Size  Location     Type
		None               void
 Registers used:
		wreg
 Tracked objects:
		On entry : 
		On exit  : 
		Unchanged: 
 Data sizes:     COMMON   BANK0   BANK1   BANK3   BANK2
      Params:         1       0       0       0       0
      Locals:         0       1       0       0       0
      Temps:          0       0       0       0       0
      Totals:         1       1       0       0       0
Total ram usage:        2 bytes
 Hardware stack levels used:    1
 Hardware stack levels required when called:    1
 This function calls:
		Nothing
 This function is called by:
		_entrada_senhas
 This function uses a non-reentrant model


 *************** function _xandi_lima *****************
 Defined at:
		line 280 in file "../EEPROM.c"
 Parameters:    Size  Location     Type
		None
 Auto vars:     Size  Location     Type
		None
 Return value:  Size  Location     Type
		None               void
 Registers used:
		wreg, status,2
 Tracked objects:
		On entry : 
		On exit  : 
		Unchanged: 
 Data sizes:     COMMON   BANK0   BANK1   BANK3   BANK2
      Params:         0       0       0       0       0
      Locals:         0       0       0       0       0
      Temps:          6       0       0       0       0
      Totals:         6       0       0       0       0
Total ram usage:        6 bytes
 Hardware stack levels used:    1
 This function calls:
		Nothing
 This function is called by:
		Interrupt level 1
 This function uses a non-reentrant model



MODULE INFORMATION

Module		Function		Class		Link	Load	Size
C:\Program Files (x86)\Microchip\xc8\v1.20\sources\pic\lwmod.c
		___lwmod       		CODE           	06F4	0000	54

C:\Program Files (x86)\Microchip\xc8\v1.20\sources\pic\lwmod.c estimated size: 54

C:\Program Files (x86)\Microchip\xc8\v1.20\sources\common\doprnt.c
		_printf        		CODE           	03FC	0000	208

C:\Program Files (x86)\Microchip\xc8\v1.20\sources\common\doprnt.c estimated size: 208

C:\Program Files (x86)\Microchip\xc8\v1.20\sources\pic\lwdiv.c
		___lwdiv       		CODE           	06B4	0000	64

C:\Program Files (x86)\Microchip\xc8\v1.20\sources\pic\lwdiv.c estimated size: 64

shared
		__stringtab    		STRING         	0500	0000	6
		__stringdata   		STRING         	0510	0000	149
		_dpowers       		STRING         	0506	0000	10
		__initializatio		CODE           	07E1	0000	15

shared estimated size: 180

../LCD_ModSauer.c
		_lcd_putc      		CODE           	0784	0000	39
		_putch         		CODE           	04DD	0000	8
		_lcd_clear     		CODE           	07C8	0000	25
		_lcd_goto      		CODE           	07F4	0000	10
		_lcd_write     		CODE           	0758	0000	44
		_lcd_init      		CODE           	05A5	0000	107

../LCD_ModSauer.c estimated size: 233

../EEPROM.c
		_main          		CODE           	072A	0000	46
		_senhas        		CODE           	0015	0000	506
		_entrada_senhas		CODE           	020F	0000	493
		_timer         		CODE           	0671	0000	67
		_write_ee      		CODE           	07AB	0000	29
		_xandi_lima    		CODE           	0610	0000	97

../EEPROM.c estimated size: 1238

