Microchip MPLAB XC8 Compiler V1.20 ()

Linker command line:

--edf=C:\Program Files (x86)\Microchip\xc8\v1.20\dat\en_msgs.txt -cs \
  -h+dist/default/production\gerador_senoide.X.production.sym \
  --cmf=dist/default/production\gerador_senoide.X.production.cmf -z \
  -Q16F690 -oC:\Users\ALEXAN~1\AppData\Local\Temp\s8es.6 \
  -Mdist/default/production/gerador_senoide.X.production.map -E1 -ver=XC8 \
  -ACONST=00h-0FFhx16 -ACODE=00h-07FFhx2 -ASTRCODE=00h-0FFFh \
  -AENTRY=00h-0FFhx16 -ASTRING=00h-0FFhx16 -ACOMMON=070h-07Fh \
  -ABANK0=020h-06Fh -ABANK1=0A0h-0EFh -ABANK2=0120h-016Fh \
  -ARAM=020h-06Fh,0A0h-0EFh,0120h-016Fh \
  -AABS1=020h-07Fh,0A0h-0EFh,0120h-016Fh -ASFR0=00h-01Fh -ASFR1=080h-09Fh \
  -ASFR2=0100h-011Fh -ASFR3=0180h-01EFh \
  -preset_vec=00h,intentry=04h,init,end_init -ppowerup=CODE -pfunctab=CODE \
  -ACONFIG=02007h-02007h -pconfig=CONFIG -DCONFIG=2 -AIDLOC=02000h-02003h \
  -pidloc=IDLOC -DIDLOC=2 -AEEDATA=00h-0FFh/02100h -peeprom_data=EEDATA \
  -DEEDATA=2 -DCODE=2 -DSTRCODE=2 -DSTRING=2 -DCONST=2 -DENTRY=2 -k \
  C:\Users\ALEXAN~1\AppData\Local\Temp\s8es.obj \
  dist/default/production\gerador_senoide.X.production.obj 

Object code version is 3.11

Machine type is 16F690



                Name                               Link     Load   Length Selector   Space Scale
C:\Users\ALEXAN~1\AppData\Local\Temp\s8es.obj
                end_init                             11       11        2        8       0
                reset_vec                             0        0        2        0       0
                config                             2007     2007        1     400E       0
dist/default/production\gerador_senoide.X.production.obj
                intentry                              4        4        D        8       0
                text1                               2C4      2C4       26        8       0
                maintext                             13       13      2B1        8       0
                cstackBANK0                          20       20        3       20       1
                cstackCOMMON                         70       70        6       70       1
                dataCOMMON                           79       79        2       70       1
                bssCOMMON                            76       76        3       70       1
                cinit                               2EA      2EA        D        8       0
                idataCOMMON                         2F7      2F7        2        8       0

TOTAL           Name                               Link     Load   Length     Space
        CLASS   CONST          

        CLASS   CODE           
                end_init                             11       11        2         0
                intentry                              4        4        D         0
                reset_vec                             0        0        2         0
                text1                               2C4      2C4       26         0
                maintext                             13       13      2B1         0
                cinit                               2EA      2EA        D         0
                idataCOMMON                         2F7      2F7        2         0

        CLASS   STRCODE        

        CLASS   ENTRY          

        CLASS   STRING         

        CLASS   COMMON         
                cstackCOMMON                         70       70        6         1
                dataCOMMON                           79       79        2         1
                bssCOMMON                            76       76        3         1

        CLASS   BANK0          
                cstackBANK0                          20       20        3         1

        CLASS   BANK1          

        CLASS   BANK2          

        CLASS   RAM            

        CLASS   ABS1           
                abs_s1                               7E       7E        2         1

        CLASS   SFR0           

        CLASS   SFR1           

        CLASS   SFR2           

        CLASS   SFR3           

        CLASS   CONFIG         
                config                             2007     2007        1         0

        CLASS   IDLOC          

        CLASS   EEDATA         

        CLASS   BANK3          



SEGMENTS        Name                           Load    Length   Top    Selector   Space  Class     Delta

                reset_vec                      000000  000002  000002         0       0  CODE        2
                intentry                       000004  0002F5  0002F9         8       0  CODE        2
                cstackBANK0                    000020  000003  000023        20       1  BANK0       1
                cstackCOMMON                   000070  00000B  00007B        70       1  COMMON      1
                config                         002007  000001  002008      400E       0  CONFIG      2


UNUSED ADDRESS RANGES

        Name                Unused          Largest block    Delta
        BANK0            0023-006F             4D           1
        BANK1            00A0-00EF             50           1
        BANK2            0120-016F             50           1
        CODE             0002-0003              2           2
                         02F9-0FFF            507
        COMMON           007B-007D              3           1
        CONST            0002-0003              2           2
                         02F9-0FFF            100
        EEDATA           2100-21FF            100           2
        ENTRY            0002-0003              2           2
                         02F9-0FFF            100
        IDLOC            2000-2003              4           2
        RAM              0023-006F             4D           1
                         00A0-00EF             50
                         0120-016F             50
        SFR0             0000-001F             20           1
        SFR1             0080-009F             20           1
        SFR2             0100-011F             20           1
        SFR3             0180-01EF             70           1
        STRCODE          0002-0003              2           2
                         02F9-0FFF            D07
        STRING           0002-0003              2           2
                         02F9-0FFF            100

                                  Symbol Table

_ADCON0                  (abs)        001F
_ADCON1                  (abs)        009F
_ADRESH                  (abs)        001E
_ANSEL                   (abs)        011E
_ANSELH                  (abs)        011F
_CCP1CON                 (abs)        0017
_CCPR1L                  (abs)        0015
_GO                      (abs)        00F9
_INTCON                  (abs)        000B
_PR2                     (abs)        0092
_RA0                     (abs)        0028
_RA1                     (abs)        0029
_T1CON                   (abs)        0010
_T2CON                   (abs)        0012
_TMR1H                   (abs)        000F
_TMR1IE                  (abs)        0460
_TMR1IF                  (abs)        0060
_TMR1L                   (abs)        000E
_TMR2IE                  (abs)        0461
_TMR2IF                  (abs)        0061
_TMR2ON                  (abs)        0092
_TRISA                   (abs)        0085
_TRISB                   (abs)        0086
_TRISC                   (abs)        0087
_TRISC4                  (abs)        043C
_TRISC5                  (abs)        043D
__CFG_BOREN$OFF          (abs)        0000
__CFG_CP$OFF             (abs)        0000
__CFG_CPD$OFF            (abs)        0000
__CFG_FCMEN$OFF          (abs)        0000
__CFG_FOSC$HS            (abs)        0000
__CFG_IESO$OFF           (abs)        0000
__CFG_MCLRE$OFF          (abs)        0000
__CFG_PWRTE$ON           (abs)        0000
__CFG_WDTE$OFF           (abs)        0000
__Habs1                  abs1         0000
__Hbank0                 bank0        0000
__Hbank1                 bank1        0000
__Hbank2                 bank2        0000
__Hbank3                 bank3        0000
__HbssCOMMON             bssCOMMON    0000
__Hcinit                 cinit        0000
__Hclrtext               clrtext      0000
__Hcode                  code         0000
__Hcommon                common       0000
__Hconfig                config       2008
__HcstackBANK0           cstackBANK0  0000
__HcstackCOMMON          cstackCOMMON 0000
__HdataCOMMON            dataCOMMON   0000
__Heeprom_data           eeprom_data  0000
__Hend_init              end_init     0013
__Hfunctab               functab      0000
__HidataCOMMON           idataCOMMON  0000
__Hidloc                 idloc        0000
__Hinit                  init         0011
__Hintentry              intentry     0011
__Hmaintext              maintext     0000
__Hpowerup               powerup      0000
__Hram                   ram          0000
__Hreset_vec             reset_vec    0002
__Hsfr0                  sfr0         0000
__Hsfr1                  sfr1         0000
__Hsfr2                  sfr2         0000
__Hsfr3                  sfr3         0000
__Hstrings               strings      0000
__Htext                  text         0000
__Labs1                  abs1         0000
__Lbank0                 bank0        0000
__Lbank1                 bank1        0000
__Lbank2                 bank2        0000
__Lbank3                 bank3        0000
__LbssCOMMON             bssCOMMON    0000
__Lcinit                 cinit        0000
__Lclrtext               clrtext      0000
__Lcode                  code         0000
__Lcommon                common       0000
__Lconfig                config       2007
__LcstackBANK0           cstackBANK0  0000
__LcstackCOMMON          cstackCOMMON 0000
__LdataCOMMON            dataCOMMON   0000
__Leeprom_data           eeprom_data  0000
__Lend_init              end_init     0011
__Lfunctab               functab      0000
__LidataCOMMON           idataCOMMON  0000
__Lidloc                 idloc        0000
__Linit                  init         0011
__Lintentry              intentry     0004
__Lmaintext              maintext     0000
__Lpowerup               powerup      0000
__Lram                   ram          0000
__Lreset_vec             reset_vec    0000
__Lsfr0                  sfr0         0000
__Lsfr1                  sfr1         0000
__Lsfr2                  sfr2         0000
__Lsfr3                  sfr3         0000
__Lstrings               strings      0000
__Ltext                  text         0000
__S0                     (abs)        2008
__S1                     (abs)        007B
__S3                     (abs)        0000
___latbits               (abs)        0001
__end_of__initialization cinit        02F4
__end_of_main            maintext     02C4
__end_of_xandi           text1        02EA
__initialization         cinit        02EA
__pbssCOMMON             bssCOMMON    0076
__pcstackBANK0           cstackBANK0  0020
__pcstackCOMMON          cstackCOMMON 0070
__pdataCOMMON            dataCOMMON   0079
__pidataCOMMON           idataCOMMON  02F7
__pintentry              intentry     0004
__pmaintext              maintext     0013
__ptext1                 text1        02C4
__size_of_main           (abs)        0000
__size_of_xandi          (abs)        0000
_a                       dataCOMMON   0079
_cont                    bssCOMMON    0076
_main                    maintext     0013
_ok                      bssCOMMON    0077
_tempo                   bssCOMMON    0078
_xandi                   text1        02C4
btemp                    (abs)        007E
end_of_initialization    cinit        02F4
interrupt_function       intentry     0004
intlevel0                functab      0000
intlevel1                functab      0000
intlevel2                functab      0000
intlevel3                functab      0000
intlevel4                functab      0000
intlevel5                functab      0000
reset_vec                reset_vec    0000
saved_w                  (abs)        007E
start                    init         0011
start_initialization     cinit        02EA
wtemp0                   (abs)        007E


FUNCTION INFORMATION:

 *************** function _main *****************
 Defined at:
		line 49 in file "gerador.c"
 Parameters:    Size  Location     Type
		None
 Auto vars:     Size  Location     Type
		None
 Return value:  Size  Location     Type
		None               void
 Registers used:
		wreg, status,2, status,0
 Tracked objects:
		On entry : 
		On exit  : 
		Unchanged: 
 Data sizes:     COMMON   BANK0   BANK1   BANK2
      Params:         0       0       0       0
      Locals:         0       0       0       0
      Temps:          0       3       0       0
      Totals:         0       3       0       0
Total ram usage:        3 bytes
 Hardware stack levels required when called:    1
 This function calls:
		Nothing
 This function is called by:
		Startup code after reset
 This function uses a non-reentrant model


 *************** function _xandi *****************
 Defined at:
		line 24 in file "gerador.c"
 Parameters:    Size  Location     Type
		None
 Auto vars:     Size  Location     Type
		None
 Return value:  Size  Location     Type
		None               void
 Registers used:
		wreg
 Tracked objects:
		On entry : 
		On exit  : 
		Unchanged: 
 Data sizes:     COMMON   BANK0   BANK1   BANK2
      Params:         0       0       0       0
      Locals:         0       0       0       0
      Temps:          6       0       0       0
      Totals:         6       0       0       0
Total ram usage:        6 bytes
 Hardware stack levels used:    1
 This function calls:
		Nothing
 This function is called by:
		Interrupt level 1
 This function uses a non-reentrant model



MODULE INFORMATION

Module		Function		Class		Link	Load	Size
shared
		__initializatio		CODE           	02EA	0000	10

shared estimated size: 10

gerador.c
		_main          		CODE           	0013	0000	689
		_xandi         		CODE           	02C4	0000	38

gerador.c estimated size: 727

